ASxxxx Linker V03.00 + NoICE + sdld,  page 1.
Hexadecimal  [32-Bits]

Area                                    Addr        Size        Decimal Bytes (Attributes)
--------------------------------        ----        ----        ------- ----- ------------
.  .ABS.                            00000000    00000000 =           0. bytes (ABS,CON)

      Value  Global                              Global Defined In Module
      -----  --------------------------------   ------------------------
     00000000  .__.ABS.                           _memset
     00000000  l_CABS                          
     00000000  l_DABS                          
     00000000  l_INITIALIZED                   
     00000000  l_INITIALIZER                   
     00000000  l__CODE                         
     00000000  s_CABS                          
     00000000  s_DABS                          
     00000000  s__CODE                         
     00000001  l_SSEG                          
     00000001  s_DATA                          
     00000003  l_GSFINAL                       
     0000001A  l_GSINIT                        
     00000083  l_HOME                          
     00000131  l_DATA                          
     00000132  s_INITIALIZED                   
     000014ED  l_CODE                          
     00008000  s_HOME                          
     00008083  s_GSINIT                        
     0000809D  s_GSFINAL                       
     000080A0  s_CODE                          
     0000958D  s_INITIALIZER                   
     0000958D  s_SSEG                          

ASxxxx Linker V03.00 + NoICE + sdld,  page 2.
Hexadecimal  [32-Bits]

Area                                    Addr        Size        Decimal Bytes (Attributes)
--------------------------------        ----        ----        ------- ----- ------------
DATA                                00000001    00000131 =         305. bytes (REL,CON)

      Value  Global                              Global Defined In Module
      -----  --------------------------------   ------------------------
     00000001  _text                              cp437_text
     000000D3  _matrix                            max7219
     00000129  _timeGet                           timerTick
     0000012B  _timeBack                          timerTick
     0000012D  _timeTickMs                        timerTick
     00000131  _timeTickUs                        timerTick
ASxxxx Linker V03.00 + NoICE + sdld,  page 3.
Hexadecimal  [32-Bits]

Area                                    Addr        Size        Decimal Bytes (Attributes)
--------------------------------        ----        ----        ------- ----- ------------
HOME                                00008000    00000083 =         131. bytes (REL,CON)

      Value  Global                              Global Defined In Module
      -----  --------------------------------   ------------------------
ASxxxx Linker V03.00 + NoICE + sdld,  page 4.
Hexadecimal  [32-Bits]

Area                                    Addr        Size        Decimal Bytes (Attributes)
--------------------------------        ----        ----        ------- ----- ------------
GSINIT                              00008083    0000001A =          26. bytes (REL,CON)

      Value  Global                              Global Defined In Module
      -----  --------------------------------   ------------------------
ASxxxx Linker V03.00 + NoICE + sdld,  page 5.
Hexadecimal  [32-Bits]

Area                                    Addr        Size        Decimal Bytes (Attributes)
--------------------------------        ----        ----        ------- ----- ------------
GSFINAL                             0000809D    00000003 =           3. bytes (REL,CON)

      Value  Global                              Global Defined In Module
      -----  --------------------------------   ------------------------
ASxxxx Linker V03.00 + NoICE + sdld,  page 6.
Hexadecimal  [32-Bits]

Area                                    Addr        Size        Decimal Bytes (Attributes)
--------------------------------        ----        ----        ------- ----- ------------
CODE                                000080A0    000014ED =        5357. bytes (REL,CON)

      Value  Global                              Global Defined In Module
      -----  --------------------------------   ------------------------
     000080A0  _TEXT_Init                         cp437_text
     000080CD  _TEXT_GetStringLen                 cp437_text
     000080F6  _TEXT_GetStringToBuff              cp437_text
     00008194  _TEXT_Manage                       cp437_text
     0000820C  _cp437_font                        cp437_text
     00008A04  _delay                             main
     00008A10  _TIM4_UPD_OVF_IRQHandler           main
     00008A1E  _IWDG_Config                       main
     00008A36  _main                              main
     00008CAE  _MaxMatrix                         max7219
     00008D3E  _setCommand                        max7219
     00008D94  _Init                              max7219
     00008DE8  _setIntensity                      max7219
     00008DF2  _Clear                             max7219
     00008E04  _Screen                            max7219
     00008E88  _setDot                            max7219
     00008EF4  _setColumn                         max7219
     00008F39  _setRow                            max7219
     00008F6E  _DrawEx                            max7219
     00008FDC  _TIMER_Init                        timerTick
     0000900F  _TIMER_Inc                         timerTick
     0000903B  _TIMER_InitTime                    timerTick
     0000904B  _TIMER_CheckTimeUS                 timerTick
     00009092  _TIMER_CheckTimeMS                 timerTick
     00009108  _CLK_Config                        stm8s_clk
     00009159  _CLK_PeripheralClockConfig         stm8s_clk
     000091AF  _CLK_SYSCLKConfig                  stm8s_clk
     000091E6  _CLK_GetClockFreq                  stm8s_clk
     0000923F  _HSIDivFactor                      stm8s_clk
     00009243  _GPIO_Init                         stm8s_gpio
     000092D1  _GPIO_Write                        stm8s_gpio
     000092D7  _GPIO_WriteHigh                    stm8s_gpio
     000092DE  _GPIO_WriteLow                     stm8s_gpio
     000092EC  _GPIO_WriteReverse                 stm8s_gpio
     000092F3  _GPIO_ReadOutputData               stm8s_gpio
     000092F7  _GPIO_ReadInputData                stm8s_gpio
     000092FC  _GPIO_ReadInputPin                 stm8s_gpio
     00009303  _GPIO_ExternalPullUpConfig         stm8s_gpio
     0000931E  _IWDG_WriteAccessCmd               stm8s_iwdg
     00009325  _IWDG_SetPrescaler                 stm8s_iwdg
     0000932C  _IWDG_SetReload                    stm8s_iwdg
     00009333  _IWDG_ReloadCounter                stm8s_iwdg
     00009338  _IWDG_Enable                       stm8s_iwdg
     0000933D  _SPI_DeInit                        stm8s_spi
     00009352  _SPI_Init                          stm8s_spi
     0000938D  _SPI_Cmd                           stm8s_spi
     000093A1  _SPI_ITConfig                      stm8s_spi
     000093D7  _SPI_SendData                      stm8s_spi
     000093DE  _SPI_ReceiveData                   stm8s_spi
     000093E3  _SPI_NSSInternalSoftwareCmd        stm8s_spi
ASxxxx Linker V03.00 + NoICE + sdld,  page 7.
Hexadecimal  [32-Bits]

Area                                    Addr        Size        Decimal Bytes (Attributes)
--------------------------------        ----        ----        ------- ----- ------------
CODE                                000080A0    000014ED =        5357. bytes (REL,CON)

      Value  Global                              Global Defined In Module
      -----  --------------------------------   ------------------------
     000093F1  _SPI_TransmitCRC                   stm8s_spi
     000093F9  _SPI_CalculateCRCCmd               stm8s_spi
     0000940D  _SPI_GetCRC                        stm8s_spi
     0000941B  _SPI_ResetCRC                      stm8s_spi
     00009428  _SPI_GetCRCPolynomial              stm8s_spi
     0000942D  _SPI_BiDirectionalLineConfig       stm8s_spi
     00009441  _SPI_GetFlagStatus                 stm8s_spi
     0000944F  _SPI_ClearFlag                     stm8s_spi
     00009457  _SPI_GetITStatus                   stm8s_spi
     0000949E  _SPI_ClearITPendingBit             stm8s_spi
     000094B9  _TIM4_DeInit                       stm8s_tim4
     000094D2  _TIM4_TimeBaseInit                 stm8s_tim4
     000094DF  _TIM4_Cmd                          stm8s_tim4
     000094E4  _TIM4_ITConfig                     stm8s_tim4
     000094EF  _TIM4_GetCounter                   stm8s_tim4
     000094F4  _TIM4_GetFlagStatus                stm8s_tim4
     00009502  _TIM4_ClearFlag                    stm8s_tim4
     0000950A  _TIM4_ClearITPendingBit            stm8s_tim4
     00009512  __divulong                         
     0000956C  _memset                            _memset

ASxxxx Linker V03.00 + NoICE + sdld,  page 8.
Hexadecimal  [32-Bits]

Area                                    Addr        Size        Decimal Bytes (Attributes)
--------------------------------        ----        ----        ------- ----- ------------
SSEG                                0000958D    00000001 =           1. bytes (REL,CON)

      Value  Global                              Global Defined In Module
      -----  --------------------------------   ------------------------
ASxxxx Linker V03.00 + NoICE + sdld,  page 9.

Files Linked                              [ module(s) ]

build/user/cp437_text.rel                 [ cp437_text ]
build/user/main.rel                       [ main ]
build/user/max7219.rel                    [ max7219 ]
build/user/timerTick.rel                  [ timerTick ]
build/lib/stm8s_clk.rel                   [ stm8s_clk ]
build/lib/stm8s_gpio.rel                  [ stm8s_gpio ]
build/lib/stm8s_iwdg.rel                  [ stm8s_iwdg ]
build/lib/stm8s_spi.rel                   [ stm8s_spi ]
build/lib/stm8s_tim4.rel                  [ stm8s_tim4 ]


Libraries Linked                          [ object file ]

c:\Program Files\SDCC\bin\..\lib\stm8/stm8.lib
                                          [ _divulong.rel ]
c:\Program Files\SDCC\bin\..\lib\stm8/stm8.lib
                                          [ _memset.rel ]

ASxxxx Linker V03.00 + NoICE + sdld,  page 10.

User Base Address Definitions

HOME = 0x8000
DATA = 0x0001

