ASxxxx Linker V03.00 + NoICE + sdld,  page 1.
Hexadecimal  [32-Bits]

Area                                    Addr        Size        Decimal Bytes (Attributes)
--------------------------------        ----        ----        ------- ----- ------------
.  .ABS.                            00000000    00000000 =           0. bytes (ABS,CON)

      Value  Global                              Global Defined In Module
      -----  --------------------------------   ------------------------
     00000000  .__.ABS.                           _strlen
     00000000  l_CABS                          
     00000000  l_DABS                          
     00000000  l__CODE                         
     00000000  s_CABS                          
     00000000  s_DABS                          
     00000000  s__CODE                         
     00000001  l_SSEG                          
     00000001  s_DATA                          
     00000002  l_INITIALIZED                   
     00000002  l_INITIALIZER                   
     00000003  l_GSFINAL                       
     0000001A  l_GSINIT                        
     0000007D  l_DATA                          
     0000007E  s_INITIALIZED                   
     00000080  s_SSEG                          
     00000083  l_HOME                          
     000015CC  l_CODE                          
     00008000  s_HOME                          
     00008083  s_GSINIT                        
     0000809D  s_GSFINAL                       
     000080A0  s_CODE                          
     0000966C  s_INITIALIZER                   

ASxxxx Linker V03.00 + NoICE + sdld,  page 2.
Hexadecimal  [32-Bits]

Area                                    Addr        Size        Decimal Bytes (Attributes)
--------------------------------        ----        ----        ------- ----- ------------
DATA                                00000001    0000007D =         125. bytes (REL,CON)

      Value  Global                              Global Defined In Module
      -----  --------------------------------   ------------------------
     00000001  _matrix                            max7219
     00000057  _vcomstr                           sw_uart
     00000075  _timeGet                           timerTick
     00000077  _timeBack                          timerTick
     00000079  _timeTickMs                        timerTick
     0000007D  _timeTickUs                        timerTick
ASxxxx Linker V03.00 + NoICE + sdld,  page 3.
Hexadecimal  [32-Bits]

Area                                    Addr        Size        Decimal Bytes (Attributes)
--------------------------------        ----        ----        ------- ----- ------------
INITIALIZED                         0000007E    00000002 =           2. bytes (REL,CON)

      Value  Global                              Global Defined In Module
      -----  --------------------------------   ------------------------
     0000007E  _DELAYTIME                         sw_uart

ASxxxx Linker V03.00 + NoICE + sdld,  page 4.
Hexadecimal  [32-Bits]

Area                                    Addr        Size        Decimal Bytes (Attributes)
--------------------------------        ----        ----        ------- ----- ------------
SSEG                                00000080    00000001 =           1. bytes (REL,CON)

      Value  Global                              Global Defined In Module
      -----  --------------------------------   ------------------------
ASxxxx Linker V03.00 + NoICE + sdld,  page 5.
Hexadecimal  [32-Bits]

Area                                    Addr        Size        Decimal Bytes (Attributes)
--------------------------------        ----        ----        ------- ----- ------------
HOME                                00008000    00000083 =         131. bytes (REL,CON)

      Value  Global                              Global Defined In Module
      -----  --------------------------------   ------------------------
ASxxxx Linker V03.00 + NoICE + sdld,  page 6.
Hexadecimal  [32-Bits]

Area                                    Addr        Size        Decimal Bytes (Attributes)
--------------------------------        ----        ----        ------- ----- ------------
GSINIT                              00008083    0000001A =          26. bytes (REL,CON)

      Value  Global                              Global Defined In Module
      -----  --------------------------------   ------------------------
ASxxxx Linker V03.00 + NoICE + sdld,  page 7.
Hexadecimal  [32-Bits]

Area                                    Addr        Size        Decimal Bytes (Attributes)
--------------------------------        ----        ----        ------- ----- ------------
GSFINAL                             0000809D    00000003 =           3. bytes (REL,CON)

      Value  Global                              Global Defined In Module
      -----  --------------------------------   ------------------------
ASxxxx Linker V03.00 + NoICE + sdld,  page 8.
Hexadecimal  [32-Bits]

Area                                    Addr        Size        Decimal Bytes (Attributes)
--------------------------------        ----        ----        ------- ----- ------------
CODE                                000080A0    000015CC =        5580. bytes (REL,CON)

      Value  Global                              Global Defined In Module
      -----  --------------------------------   ------------------------
     000080A0  _delay                             main
     000080AC  _main                              main
     0000835C  _MaxMatrix                         max7219
     000083EC  _setCommand                        max7219
     00008442  _Init                              max7219
     00008496  _setIntensity                      max7219
     000084A0  _Clear                             max7219
     000084B2  _Screen                            max7219
     00008536  _setDot                            max7219
     000085A2  _setColumn                         max7219
     000085E7  _setRow                            max7219
     0000861C  _DrawEx                            max7219
     00008692  _Vcomdelay                         sw_uart
     0000869C  _VCOM_Init                         sw_uart
     000086B5  _VCOM_puts                         sw_uart
     0000883A  _delaytest                         sw_uart
     00008897  _VCOM_TestSpeed                    sw_uart
     0000891C  _TIMER_Init                        timerTick
     0000894F  _TIMER_Inc                         timerTick
     0000897B  _TIMER_InitTime                    timerTick
     0000898B  _TIMER_CheckTimeUS                 timerTick
     000089D2  _TIMER_CheckTimeMS                 timerTick
     00008A48  _CLK_Config                        stm8s_clk
     00008A99  _CLK_PeripheralClockConfig         stm8s_clk
     00008AEF  _CLK_SYSCLKConfig                  stm8s_clk
     00008B26  _CLK_GetClockFreq                  stm8s_clk
     00008B7F  _HSIDivFactor                      stm8s_clk
     00008B83  _GPIO_Init                         stm8s_gpio
     00008C11  _GPIO_Write                        stm8s_gpio
     00008C17  _GPIO_WriteHigh                    stm8s_gpio
     00008C1E  _GPIO_WriteLow                     stm8s_gpio
     00008C2C  _GPIO_WriteReverse                 stm8s_gpio
     00008C33  _GPIO_ReadOutputData               stm8s_gpio
     00008C37  _GPIO_ReadInputData                stm8s_gpio
     00008C3C  _GPIO_ReadInputPin                 stm8s_gpio
     00008C43  _GPIO_ExternalPullUpConfig         stm8s_gpio
     00008C5E  _IWDG_WriteAccessCmd               stm8s_iwdg
     00008C65  _IWDG_SetPrescaler                 stm8s_iwdg
     00008C6C  _IWDG_SetReload                    stm8s_iwdg
     00008C73  _IWDG_ReloadCounter                stm8s_iwdg
     00008C78  _IWDG_Enable                       stm8s_iwdg
     00008C7D  _SPI_DeInit                        stm8s_spi
     00008C92  _SPI_Init                          stm8s_spi
     00008CCD  _SPI_Cmd                           stm8s_spi
     00008CE1  _SPI_ITConfig                      stm8s_spi
     00008D17  _SPI_SendData                      stm8s_spi
     00008D1E  _SPI_ReceiveData                   stm8s_spi
     00008D23  _SPI_NSSInternalSoftwareCmd        stm8s_spi
     00008D31  _SPI_TransmitCRC                   stm8s_spi
     00008D39  _SPI_CalculateCRCCmd               stm8s_spi
ASxxxx Linker V03.00 + NoICE + sdld,  page 9.
Hexadecimal  [32-Bits]

Area                                    Addr        Size        Decimal Bytes (Attributes)
--------------------------------        ----        ----        ------- ----- ------------
CODE                                000080A0    000015CC =        5580. bytes (REL,CON)

      Value  Global                              Global Defined In Module
      -----  --------------------------------   ------------------------
     00008D4D  _SPI_GetCRC                        stm8s_spi
     00008D5B  _SPI_ResetCRC                      stm8s_spi
     00008D68  _SPI_GetCRCPolynomial              stm8s_spi
     00008D6D  _SPI_BiDirectionalLineConfig       stm8s_spi
     00008D81  _SPI_GetFlagStatus                 stm8s_spi
     00008D8F  _SPI_ClearFlag                     stm8s_spi
     00008D97  _SPI_GetITStatus                   stm8s_spi
     00008DDE  _SPI_ClearITPendingBit             stm8s_spi
     00008DF9  _TIM4_DeInit                       stm8s_tim4
     00008E12  _TIM4_TimeBaseInit                 stm8s_tim4
     00008E1F  _TIM4_Cmd                          stm8s_tim4
     00008E24  _TIM4_ITConfig                     stm8s_tim4
     00008E2F  _TIM4_GetCounter                   stm8s_tim4
     00008E34  _TIM4_GetFlagStatus                stm8s_tim4
     00008E42  _TIM4_ClearFlag                    stm8s_tim4
     00008E4A  _TIM4_ClearITPendingBit            stm8s_tim4
     00008E6A  _vsprintf                          sprintf
     00008E85  _sprintf                           sprintf
     00008EA5  __divulong                         
     00008EFF  _memset                            _memset
     00008FCD  __print_format                     printf_large
     0000965D  _strlen                            _strlen
ASxxxx Linker V03.00 + NoICE + sdld,  page 10.
Hexadecimal  [32-Bits]

Area                                    Addr        Size        Decimal Bytes (Attributes)
--------------------------------        ----        ----        ------- ----- ------------
INITIALIZER                         0000966C    00000002 =           2. bytes (REL,CON)

      Value  Global                              Global Defined In Module
      -----  --------------------------------   ------------------------
ASxxxx Linker V03.00 + NoICE + sdld,  page 11.

Files Linked                              [ module(s) ]

build/user/main.rel                       [ main ]
build/user/max7219.rel                    [ max7219 ]
build/user/sw_uart.rel                    [ sw_uart ]
build/user/timerTick.rel                  [ timerTick ]
build/lib/stm8s_clk.rel                   [ stm8s_clk ]
build/lib/stm8s_gpio.rel                  [ stm8s_gpio ]
build/lib/stm8s_iwdg.rel                  [ stm8s_iwdg ]
build/lib/stm8s_spi.rel                   [ stm8s_spi ]
build/lib/stm8s_tim4.rel                  [ stm8s_tim4 ]


Libraries Linked                          [ object file ]

c:\Program Files\SDCC\bin\..\lib\stm8/stm8.lib
                                          [ sprintf.rel ]
c:\Program Files\SDCC\bin\..\lib\stm8/stm8.lib
                                          [ _divulong.rel ]
c:\Program Files\SDCC\bin\..\lib\stm8/stm8.lib
                                          [ _memset.rel ]
c:\Program Files\SDCC\bin\..\lib\stm8/stm8.lib
                                          [ printf_large.rel ]
c:\Program Files\SDCC\bin\..\lib\stm8/stm8.lib
                                          [ _strlen.rel ]

ASxxxx Linker V03.00 + NoICE + sdld,  page 12.

User Base Address Definitions

HOME = 0x8000
DATA = 0x0001

